
############################################################
# TEST FLUJO COMPLETO: EPIC 1 + EPIC 2
############################################################
==================================================
1. TEST: Health Check
==================================================
   Status: 200
   Response: {'status': 'ok'}
   [OK] Health check passed!

==================================================
2. TEST: Crear Job (Upload PA + SV)
==================================================
   PA: 11. Personal Asignado - Noviembre 2025 - (191125).xlsx
   SV: SV Octubre 2025.xlsx
   Status: 500
C:\Project_PAvsSV\venv\Scripts\python.exe : Traceback (most recent call last):
En línea: 1 Carácter: 1
+ C:\Project_PAvsSV\venv\Scripts\python.exe C:\Project_PAvsSV\tests\tes ...
+ ~~~~~~~~~~~~~~~~~~~~~~~~~~~~~~~~~~~~~~~~~~~~~~~~~~~~~~~~~~~~~~~~~~~~~
    + CategoryInfo          : NotSpecified: (Traceback (most recent call last)::String) [], RemoteException
    + FullyQualifiedErrorId : NativeCommandError
 
  File "C:\Project_PAvsSV\tests\test_flow_epic1_epic2.py", line 145, in <module>
    main()
  File "C:\Project_PAvsSV\tests\test_flow_epic1_epic2.py", line 122, in main
    job_id = test_create_job()
             ^^^^^^^^^^^^^^^^^
  File "C:\Project_PAvsSV\tests\test_flow_epic1_epic2.py", line 59, in test_create_job
    print(f"   Response: {resp.text}")
  File "C:\Users\ecabrera\AppData\Local\Programs\Python\Python312\Lib\encodings\cp1252.py", line 19, in encode
    return codecs.charmap_encode(input,self.errors,encoding_table)[0]
           ^^^^^^^^^^^^^^^^^^^^^^^^^^^^^^^^^^^^^^^^^^^^^^^^^^^^^^^
UnicodeEncodeError: 'charmap' codec can't encode characters in position 150155-150255: character maps to <undefined>
